[
  {
    "Dir": {
      "path": "",
      "mode": 493
    }
  },
  {
    "Dir": {
      "path": "build",
      "mode": 493
    }
  },
  {
    "Dir": {
      "path": "build/bin",
      "mode": 493
    }
  },
  {
    "File": {
      "path": "build/bin/x86_64-cros-linux-gnu-curl-config",
      "mode": 493,
      "hash": "e3b0c44298fc1c149afbf4c8996fb92427ae41e4649b934ca495991b7852b855"
    }
  },
  {
    "File": {
      "path": "build/bin/x86_64-cros-linux-gnu-gpg-error-config",
      "mode": 493,
      "hash": "e3b0c44298fc1c149afbf4c8996fb92427ae41e4649b934ca495991b7852b855"
    }
  },
  {
    "File": {
      "path": "build/bin/x86_64-cros-linux-gnu-libassuan-config",
      "mode": 493,
      "hash": "e3b0c44298fc1c149afbf4c8996fb92427ae41e4649b934ca495991b7852b855"
    }
  },
  {
    "Dir": {
      "path": "etc",
      "mode": 493
    }
  },
  {
    "File": {
      "path": "etc/init.conf",
      "mode": 420,
      "hash": "e3b0c44298fc1c149afbf4c8996fb92427ae41e4649b934ca495991b7852b855"
    }
  },
  {
    "Dir": {
      "path": "lib64",
      "mode": 493
    }
  },
  {
    "File": {
      "path": "lib64/simple_lib.so",
      "mode": 420,
      "hash": "2c0d6557f6e958744491b974c80b1e6daa75d2d533fd07fdb437b3445bd5f163"
    }
  },
  {
    "File": {
      "path": "lib64/simple_lib.so.ifs",
      "mode": 420,
      "hash": "60a5bc775e316bdd2ab0565d4504664a626908c4e8e4b7c6f472fa06b13d893f"
    }
  },
  {
    "File": {
      "path": "lib64/simple_versioned_lib.so",
      "mode": 420,
      "hash": "baf4ce26b0305010fac007b6b04d64bea3f0a2987fb533776336372b4de658fb"
    }
  },
  {
    "Dir": {
      "path": "usr",
      "mode": 493
    }
  },
  {
    "Dir": {
      "path": "usr/bin",
      "mode": 493
    }
  },
  {
    "Symlink": {
      "path": "usr/bin/curl-config",
      "mode": 511,
      "target": "x86_64-cros-linux-gnu-curl-config"
    }
  },
  {
    "Symlink": {
      "path": "usr/bin/gpg-error-config",
      "mode": 511,
      "target": "x86_64-cros-linux-gnu-gpg-error-config"
    }
  },
  {
    "File": {
      "path": "usr/bin/libassuan-config",
      "mode": 493,
      "hash": "e3b0c44298fc1c149afbf4c8996fb92427ae41e4649b934ca495991b7852b855"
    }
  },
  {
    "File": {
      "path": "usr/bin/x86_64-cros-linux-gnu-curl-config",
      "mode": 493,
      "hash": "e3b0c44298fc1c149afbf4c8996fb92427ae41e4649b934ca495991b7852b855"
    }
  },
  {
    "File": {
      "path": "usr/bin/x86_64-cros-linux-gnu-gpg-error-config",
      "mode": 493,
      "hash": "e3b0c44298fc1c149afbf4c8996fb92427ae41e4649b934ca495991b7852b855"
    }
  },
  {
    "File": {
      "path": "usr/bin/x86_64-cros-linux-gnu-hello-world-config",
      "mode": 493,
      "hash": "e3b0c44298fc1c149afbf4c8996fb92427ae41e4649b934ca495991b7852b855"
    }
  },
  {
    "Dir": {
      "path": "usr/include",
      "mode": 493
    }
  },
  {
    "File": {
      "path": "usr/include/foo.h",
      "mode": 420,
      "hash": "e3b0c44298fc1c149afbf4c8996fb92427ae41e4649b934ca495991b7852b855"
    }
  },
  {
    "Dir": {
      "path": "usr/lib",
      "mode": 493
    }
  },
  {
    "Dir": {
      "path": "usr/lib/cros_rust_registry",
      "mode": 493
    }
  },
  {
    "Dir": {
      "path": "usr/lib/cros_rust_registry/store",
      "mode": 493
    }
  },
  {
    "Dir": {
      "path": "usr/lib/cros_rust_registry/store/riscv-0.7.0",
      "mode": 493
    }
  },
  {
    "Dir": {
      "path": "usr/lib/cros_rust_registry/store/riscv-0.7.0/bin",
      "mode": 493
    }
  },
  {
    "File": {
      "path": "usr/lib/cros_rust_registry/store/riscv-0.7.0/bin/riscv32i-unknown-none-elf.a",
      "mode": 420,
      "hash": "e3b0c44298fc1c149afbf4c8996fb92427ae41e4649b934ca495991b7852b855"
    }
  },
  {
    "Symlink": {
      "path": "usr/lib/simple_lib.so.0",
      "mode": 511,
      "target": "simple_lib.so.0.0.0"
    }
  },
  {
    "File": {
      "path": "usr/lib/simple_lib.so.0.0.0",
      "mode": 420,
      "hash": "2c0d6557f6e958744491b974c80b1e6daa75d2d533fd07fdb437b3445bd5f163"
    }
  },
  {
    "File": {
      "path": "usr/lib/simple_lib.so.0.0.0.ifs",
      "mode": 420,
      "hash": "60a5bc775e316bdd2ab0565d4504664a626908c4e8e4b7c6f472fa06b13d893f"
    }
  },
  {
    "Dir": {
      "path": "usr/lib64",
      "mode": 493
    }
  },
  {
    "File": {
      "path": "usr/lib64/always.a",
      "mode": 420,
      "hash": "e3b0c44298fc1c149afbf4c8996fb92427ae41e4649b934ca495991b7852b855"
    }
  },
  {
    "Symlink": {
      "path": "usr/lib64/simple_lib.so.0",
      "mode": 511,
      "target": "simple_lib.so.0.0.0"
    }
  },
  {
    "File": {
      "path": "usr/lib64/simple_lib.so.0.0.0",
      "mode": 420,
      "hash": "2c0d6557f6e958744491b974c80b1e6daa75d2d533fd07fdb437b3445bd5f163"
    }
  },
  {
    "File": {
      "path": "usr/lib64/simple_lib.so.0.0.0.ifs",
      "mode": 420,
      "hash": "60a5bc775e316bdd2ab0565d4504664a626908c4e8e4b7c6f472fa06b13d893f"
    }
  },
  {
    "Dir": {
      "path": "usr/local",
      "mode": 493
    }
  },
  {
    "Dir": {
      "path": "usr/share",
      "mode": 493
    }
  },
  {
    "Dir": {
      "path": "var",
      "mode": 365
    }
  },
  {
    "Dir": {
      "path": "var/tmp",
      "mode": 1023
    }
  },
  {
    "Dir": {
      "path": "var/tmp/portage",
      "mode": 493,
      "user_xattrs": {
        "user.fakefs.override": [
          52,
          48,
          48,
          58,
          54,
          48,
          48
        ]
      }
    }
  },
  {
    "File": {
      "path": "var/tmp/portage/.keep",
      "mode": 292,
      "hash": "e3b0c44298fc1c149afbf4c8996fb92427ae41e4649b934ca495991b7852b855",
      "user_xattrs": {
        "user.fakefs.override": [
          52,
          48,
          48,
          58,
          48
        ]
      }
    }
  }
]