{"sysroot": null, "category": "virtual", "name": "vdb-test", "version": "1.2.3", "revision": 0, "fullname": "virtual/vdb-test", "fullnamerev": "virtual/vdb-test-1.2.3", "license_names": [], "license_text_scanned": [], "homepages": [], "skip": true, "tainted": false, "ebuild_path": null}