- !!python/tuple [sysroot, null]
- !!python/tuple [category, virtual]
- !!python/tuple [name, vdb-test]
- !!python/tuple [version, 1.2.3]
- !!python/tuple [revision, 0]
- !!python/tuple [fullname, virtual/vdb-test]
- !!python/tuple [fullnamerev, virtual/vdb-test-1.2.3]
- !!python/tuple
  - license_names
  - !!set {}
- !!python/tuple
  - license_text_scanned
  - []
- !!python/tuple
  - homepages
  - []
- !!python/tuple [skip, true]
- !!python/tuple [tainted, false]
- !!python/tuple [ebuild_path, null]
